INFO:     Will watch for changes in these directories: ['/Users/donvicks/Developer/projects/attendance-system/backend']
INFO:     Uvicorn running on http://127.0.0.1:8000 (Press CTRL+C to quit)
INFO:     Started reloader process [31214] using StatReload
INFO:     Started server process [31216]
INFO:     Waiting for application startup.
INFO:     Application startup complete.
INFO:     127.0.0.1:51884 - "POST /api/v1/enroll-student HTTP/1.1" 500 Internal Server Error
ERROR:    Exception in ASGI application
Traceback (most recent call last):
  File "/Users/donvicks/Developer/projects/attendance-system/backend/venv/lib/python3.14/site-packages/uvicorn/protocols/http/h11_impl.py", line 416, in run_asgi
    result = await app(  # type: ignore[func-returns-value]
             ^^^^^^^^^^^^^^^^^^^^^^^^^^^^^^^^^^^^^^^^^^^^^^
        self.scope, self.receive, self.send
        ^^^^^^^^^^^^^^^^^^^^^^^^^^^^^^^^^^^
    )
    ^
  File "/Users/donvicks/Developer/projects/attendance-system/backend/venv/lib/python3.14/site-packages/uvicorn/middleware/proxy_headers.py", line 63, in __call__
    return await self.app(scope, receive, send)
           ^^^^^^^^^^^^^^^^^^^^^^^^^^^^^^^^^^^^
  File "/Users/donvicks/Developer/projects/attendance-system/backend/venv/lib/python3.14/site-packages/fastapi/applications.py", line 1163, in __call__
    await super().__call__(scope, receive, send)
  File "/Users/donvicks/Developer/projects/attendance-system/backend/venv/lib/python3.14/site-packages/starlette/applications.py", line 90, in __call__
    await self.middleware_stack(scope, receive, send)
  File "/Users/donvicks/Developer/projects/attendance-system/backend/venv/lib/python3.14/site-packages/starlette/middleware/errors.py", line 186, in __call__
    raise exc
  File "/Users/donvicks/Developer/projects/attendance-system/backend/venv/lib/python3.14/site-packages/starlette/middleware/errors.py", line 164, in __call__
    await self.app(scope, receive, _send)
  File "/Users/donvicks/Developer/projects/attendance-system/backend/venv/lib/python3.14/site-packages/starlette/middleware/exceptions.py", line 63, in __call__
    await wrap_app_handling_exceptions(self.app, conn)(scope, receive, send)
  File "/Users/donvicks/Developer/projects/attendance-system/backend/venv/lib/python3.14/site-packages/starlette/_exception_handler.py", line 53, in wrapped_app
    raise exc
  File "/Users/donvicks/Developer/projects/attendance-system/backend/venv/lib/python3.14/site-packages/starlette/_exception_handler.py", line 42, in wrapped_app
    await app(scope, receive, sender)
  File "/Users/donvicks/Developer/projects/attendance-system/backend/venv/lib/python3.14/site-packages/fastapi/middleware/asyncexitstack.py", line 18, in __call__
    await self.app(scope, receive, send)
  File "/Users/donvicks/Developer/projects/attendance-system/backend/venv/lib/python3.14/site-packages/starlette/routing.py", line 660, in __call__
    await self.middleware_stack(scope, receive, send)
  File "/Users/donvicks/Developer/projects/attendance-system/backend/venv/lib/python3.14/site-packages/fastapi/routing.py", line 2683, in app
    await route.handle(scope, receive, send)
  File "/Users/donvicks/Developer/projects/attendance-system/backend/venv/lib/python3.14/site-packages/fastapi/routing.py", line 1753, in handle
    await self.original_router.handle(scope, receive, send)
  File "/Users/donvicks/Developer/projects/attendance-system/backend/venv/lib/python3.14/site-packages/fastapi/routing.py", line 2738, in handle
    await included_router._handle_selected(scope, receive, send)
  File "/Users/donvicks/Developer/projects/attendance-system/backend/venv/lib/python3.14/site-packages/fastapi/routing.py", line 1773, in _handle_selected
    await original_route.handle(scope, receive, send)
  File "/Users/donvicks/Developer/projects/attendance-system/backend/venv/lib/python3.14/site-packages/fastapi/routing.py", line 1264, in handle
    await app(scope, receive, send)
  File "/Users/donvicks/Developer/projects/attendance-system/backend/venv/lib/python3.14/site-packages/fastapi/routing.py", line 150, in app
    await wrap_app_handling_exceptions(app, request)(scope, receive, send)
  File "/Users/donvicks/Developer/projects/attendance-system/backend/venv/lib/python3.14/site-packages/starlette/_exception_handler.py", line 53, in wrapped_app
    raise exc
  File "/Users/donvicks/Developer/projects/attendance-system/backend/venv/lib/python3.14/site-packages/starlette/_exception_handler.py", line 42, in wrapped_app
    await app(scope, receive, sender)
  File "/Users/donvicks/Developer/projects/attendance-system/backend/venv/lib/python3.14/site-packages/fastapi/routing.py", line 136, in app
    response = await f(request)
               ^^^^^^^^^^^^^^^^
  File "/Users/donvicks/Developer/projects/attendance-system/backend/venv/lib/python3.14/site-packages/fastapi/routing.py", line 690, in app
    raw_response = await run_endpoint_function(
                   ^^^^^^^^^^^^^^^^^^^^^^^^^^^^
    ...<3 lines>...
    )
    ^
  File "/Users/donvicks/Developer/projects/attendance-system/backend/venv/lib/python3.14/site-packages/fastapi/routing.py", line 344, in run_endpoint_function
    return await dependant.call(**values)
           ^^^^^^^^^^^^^^^^^^^^^^^^^^^^^^
  File "/Users/donvicks/Developer/projects/attendance-system/backend/routers/enrollment.py", line 18, in enroll_student
    existing_student = db.query(Student).filter(Student.student_id == student_id).first()
                                                ^^^^^^^^^^^^^^^^^^
AttributeError: type object 'Student' has no attribute 'student_id'
INFO:     127.0.0.1:51916 - "GET /docs HTTP/1.1" 200 OK
INFO:     127.0.0.1:51916 - "GET /openapi.json HTTP/1.1" 200 OK
INFO:     127.0.0.1:51926 - "POST /api/v1/enroll-student HTTP/1.1" 500 Internal Server Error
ERROR:    Exception in ASGI application
Traceback (most recent call last):
  File "/Users/donvicks/Developer/projects/attendance-system/backend/venv/lib/python3.14/site-packages/uvicorn/protocols/http/h11_impl.py", line 416, in run_asgi
    result = await app(  # type: ignore[func-returns-value]
             ^^^^^^^^^^^^^^^^^^^^^^^^^^^^^^^^^^^^^^^^^^^^^^
        self.scope, self.receive, self.send
        ^^^^^^^^^^^^^^^^^^^^^^^^^^^^^^^^^^^
    )
    ^
  File "/Users/donvicks/Developer/projects/attendance-system/backend/venv/lib/python3.14/site-packages/uvicorn/middleware/proxy_headers.py", line 63, in __call__
    return await self.app(scope, receive, send)
           ^^^^^^^^^^^^^^^^^^^^^^^^^^^^^^^^^^^^
  File "/Users/donvicks/Developer/projects/attendance-system/backend/venv/lib/python3.14/site-packages/fastapi/applications.py", line 1163, in __call__
    await super().__call__(scope, receive, send)
  File "/Users/donvicks/Developer/projects/attendance-system/backend/venv/lib/python3.14/site-packages/starlette/applications.py", line 90, in __call__
    await self.middleware_stack(scope, receive, send)
  File "/Users/donvicks/Developer/projects/attendance-system/backend/venv/lib/python3.14/site-packages/starlette/middleware/errors.py", line 186, in __call__
    raise exc
  File "/Users/donvicks/Developer/projects/attendance-system/backend/venv/lib/python3.14/site-packages/starlette/middleware/errors.py", line 164, in __call__
    await self.app(scope, receive, _send)
  File "/Users/donvicks/Developer/projects/attendance-system/backend/venv/lib/python3.14/site-packages/starlette/middleware/exceptions.py", line 63, in __call__
    await wrap_app_handling_exceptions(self.app, conn)(scope, receive, send)
  File "/Users/donvicks/Developer/projects/attendance-system/backend/venv/lib/python3.14/site-packages/starlette/_exception_handler.py", line 53, in wrapped_app
    raise exc
  File "/Users/donvicks/Developer/projects/attendance-system/backend/venv/lib/python3.14/site-packages/starlette/_exception_handler.py", line 42, in wrapped_app
    await app(scope, receive, sender)
  File "/Users/donvicks/Developer/projects/attendance-system/backend/venv/lib/python3.14/site-packages/fastapi/middleware/asyncexitstack.py", line 18, in __call__
    await self.app(scope, receive, send)
  File "/Users/donvicks/Developer/projects/attendance-system/backend/venv/lib/python3.14/site-packages/starlette/routing.py", line 660, in __call__
    await self.middleware_stack(scope, receive, send)
  File "/Users/donvicks/Developer/projects/attendance-system/backend/venv/lib/python3.14/site-packages/fastapi/routing.py", line 2683, in app
    await route.handle(scope, receive, send)
  File "/Users/donvicks/Developer/projects/attendance-system/backend/venv/lib/python3.14/site-packages/fastapi/routing.py", line 1753, in handle
    await self.original_router.handle(scope, receive, send)
  File "/Users/donvicks/Developer/projects/attendance-system/backend/venv/lib/python3.14/site-packages/fastapi/routing.py", line 2738, in handle
    await included_router._handle_selected(scope, receive, send)
  File "/Users/donvicks/Developer/projects/attendance-system/backend/venv/lib/python3.14/site-packages/fastapi/routing.py", line 1773, in _handle_selected
    await original_route.handle(scope, receive, send)
  File "/Users/donvicks/Developer/projects/attendance-system/backend/venv/lib/python3.14/site-packages/fastapi/routing.py", line 1264, in handle
    await app(scope, receive, send)
  File "/Users/donvicks/Developer/projects/attendance-system/backend/venv/lib/python3.14/site-packages/fastapi/routing.py", line 150, in app
    await wrap_app_handling_exceptions(app, request)(scope, receive, send)
  File "/Users/donvicks/Developer/projects/attendance-system/backend/venv/lib/python3.14/site-packages/starlette/_exception_handler.py", line 53, in wrapped_app
    raise exc
  File "/Users/donvicks/Developer/projects/attendance-system/backend/venv/lib/python3.14/site-packages/starlette/_exception_handler.py", line 42, in wrapped_app
    await app(scope, receive, sender)
  File "/Users/donvicks/Developer/projects/attendance-system/backend/venv/lib/python3.14/site-packages/fastapi/routing.py", line 136, in app
    response = await f(request)
               ^^^^^^^^^^^^^^^^
  File "/Users/donvicks/Developer/projects/attendance-system/backend/venv/lib/python3.14/site-packages/fastapi/routing.py", line 690, in app
    raw_response = await run_endpoint_function(
                   ^^^^^^^^^^^^^^^^^^^^^^^^^^^^
    ...<3 lines>...
    )
    ^
  File "/Users/donvicks/Developer/projects/attendance-system/backend/venv/lib/python3.14/site-packages/fastapi/routing.py", line 344, in run_endpoint_function
    return await dependant.call(**values)
           ^^^^^^^^^^^^^^^^^^^^^^^^^^^^^^
  File "/Users/donvicks/Developer/projects/attendance-system/backend/routers/enrollment.py", line 18, in enroll_student
    existing_student = db.query(Student).filter(Student.student_id == student_id).first()
                                                ^^^^^^^^^^^^^^^^^^
AttributeError: type object 'Student' has no attribute 'student_id'
INFO:     127.0.0.1:51929 - "POST /api/v1/enroll-student HTTP/1.1" 500 Internal Server Error
ERROR:    Exception in ASGI application
Traceback (most recent call last):
  File "/Users/donvicks/Developer/projects/attendance-system/backend/venv/lib/python3.14/site-packages/uvicorn/protocols/http/h11_impl.py", line 416, in run_asgi
    result = await app(  # type: ignore[func-returns-value]
             ^^^^^^^^^^^^^^^^^^^^^^^^^^^^^^^^^^^^^^^^^^^^^^
        self.scope, self.receive, self.send
        ^^^^^^^^^^^^^^^^^^^^^^^^^^^^^^^^^^^
    )
    ^
  File "/Users/donvicks/Developer/projects/attendance-system/backend/venv/lib/python3.14/site-packages/uvicorn/middleware/proxy_headers.py", line 63, in __call__
    return await self.app(scope, receive, send)
           ^^^^^^^^^^^^^^^^^^^^^^^^^^^^^^^^^^^^
  File "/Users/donvicks/Developer/projects/attendance-system/backend/venv/lib/python3.14/site-packages/fastapi/applications.py", line 1163, in __call__
    await super().__call__(scope, receive, send)
  File "/Users/donvicks/Developer/projects/attendance-system/backend/venv/lib/python3.14/site-packages/starlette/applications.py", line 90, in __call__
    await self.middleware_stack(scope, receive, send)
  File "/Users/donvicks/Developer/projects/attendance-system/backend/venv/lib/python3.14/site-packages/starlette/middleware/errors.py", line 186, in __call__
    raise exc
  File "/Users/donvicks/Developer/projects/attendance-system/backend/venv/lib/python3.14/site-packages/starlette/middleware/errors.py", line 164, in __call__
    await self.app(scope, receive, _send)
  File "/Users/donvicks/Developer/projects/attendance-system/backend/venv/lib/python3.14/site-packages/starlette/middleware/exceptions.py", line 63, in __call__
    await wrap_app_handling_exceptions(self.app, conn)(scope, receive, send)
  File "/Users/donvicks/Developer/projects/attendance-system/backend/venv/lib/python3.14/site-packages/starlette/_exception_handler.py", line 53, in wrapped_app
    raise exc
  File "/Users/donvicks/Developer/projects/attendance-system/backend/venv/lib/python3.14/site-packages/starlette/_exception_handler.py", line 42, in wrapped_app
    await app(scope, receive, sender)
  File "/Users/donvicks/Developer/projects/attendance-system/backend/venv/lib/python3.14/site-packages/fastapi/middleware/asyncexitstack.py", line 18, in __call__
    await self.app(scope, receive, send)
  File "/Users/donvicks/Developer/projects/attendance-system/backend/venv/lib/python3.14/site-packages/starlette/routing.py", line 660, in __call__
    await self.middleware_stack(scope, receive, send)
  File "/Users/donvicks/Developer/projects/attendance-system/backend/venv/lib/python3.14/site-packages/fastapi/routing.py", line 2683, in app
    await route.handle(scope, receive, send)
  File "/Users/donvicks/Developer/projects/attendance-system/backend/venv/lib/python3.14/site-packages/fastapi/routing.py", line 1753, in handle
    await self.original_router.handle(scope, receive, send)
  File "/Users/donvicks/Developer/projects/attendance-system/backend/venv/lib/python3.14/site-packages/fastapi/routing.py", line 2738, in handle
    await included_router._handle_selected(scope, receive, send)
  File "/Users/donvicks/Developer/projects/attendance-system/backend/venv/lib/python3.14/site-packages/fastapi/routing.py", line 1773, in _handle_selected
    await original_route.handle(scope, receive, send)
  File "/Users/donvicks/Developer/projects/attendance-system/backend/venv/lib/python3.14/site-packages/fastapi/routing.py", line 1264, in handle
    await app(scope, receive, send)
  File "/Users/donvicks/Developer/projects/attendance-system/backend/venv/lib/python3.14/site-packages/fastapi/routing.py", line 150, in app
    await wrap_app_handling_exceptions(app, request)(scope, receive, send)
  File "/Users/donvicks/Developer/projects/attendance-system/backend/venv/lib/python3.14/site-packages/starlette/_exception_handler.py", line 53, in wrapped_app
    raise exc
  File "/Users/donvicks/Developer/projects/attendance-system/backend/venv/lib/python3.14/site-packages/starlette/_exception_handler.py", line 42, in wrapped_app
    await app(scope, receive, sender)
  File "/Users/donvicks/Developer/projects/attendance-system/backend/venv/lib/python3.14/site-packages/fastapi/routing.py", line 136, in app
    response = await f(request)
               ^^^^^^^^^^^^^^^^
  File "/Users/donvicks/Developer/projects/attendance-system/backend/venv/lib/python3.14/site-packages/fastapi/routing.py", line 690, in app
    raw_response = await run_endpoint_function(
                   ^^^^^^^^^^^^^^^^^^^^^^^^^^^^
    ...<3 lines>...
    )
    ^
  File "/Users/donvicks/Developer/projects/attendance-system/backend/venv/lib/python3.14/site-packages/fastapi/routing.py", line 344, in run_endpoint_function
    return await dependant.call(**values)
           ^^^^^^^^^^^^^^^^^^^^^^^^^^^^^^
  File "/Users/donvicks/Developer/projects/attendance-system/backend/routers/enrollment.py", line 18, in enroll_student
    existing_student = db.query(Student).filter(Student.student_id == student_id).first()
                                                ^^^^^^^^^^^^^^^^^^
AttributeError: type object 'Student' has no attribute 'student_id'
INFO:     127.0.0.1:51931 - "POST /api/v1/enroll-student HTTP/1.1" 500 Internal Server Error
ERROR:    Exception in ASGI application
Traceback (most recent call last):
  File "/Users/donvicks/Developer/projects/attendance-system/backend/venv/lib/python3.14/site-packages/uvicorn/protocols/http/h11_impl.py", line 416, in run_asgi
    result = await app(  # type: ignore[func-returns-value]
             ^^^^^^^^^^^^^^^^^^^^^^^^^^^^^^^^^^^^^^^^^^^^^^
        self.scope, self.receive, self.send
        ^^^^^^^^^^^^^^^^^^^^^^^^^^^^^^^^^^^
    )
    ^
  File "/Users/donvicks/Developer/projects/attendance-system/backend/venv/lib/python3.14/site-packages/uvicorn/middleware/proxy_headers.py", line 63, in __call__
    return await self.app(scope, receive, send)
           ^^^^^^^^^^^^^^^^^^^^^^^^^^^^^^^^^^^^
  File "/Users/donvicks/Developer/projects/attendance-system/backend/venv/lib/python3.14/site-packages/fastapi/applications.py", line 1163, in __call__
    await super().__call__(scope, receive, send)
  File "/Users/donvicks/Developer/projects/attendance-system/backend/venv/lib/python3.14/site-packages/starlette/applications.py", line 90, in __call__
    await self.middleware_stack(scope, receive, send)
  File "/Users/donvicks/Developer/projects/attendance-system/backend/venv/lib/python3.14/site-packages/starlette/middleware/errors.py", line 186, in __call__
    raise exc
  File "/Users/donvicks/Developer/projects/attendance-system/backend/venv/lib/python3.14/site-packages/starlette/middleware/errors.py", line 164, in __call__
    await self.app(scope, receive, _send)
  File "/Users/donvicks/Developer/projects/attendance-system/backend/venv/lib/python3.14/site-packages/starlette/middleware/exceptions.py", line 63, in __call__
    await wrap_app_handling_exceptions(self.app, conn)(scope, receive, send)
  File "/Users/donvicks/Developer/projects/attendance-system/backend/venv/lib/python3.14/site-packages/starlette/_exception_handler.py", line 53, in wrapped_app
    raise exc
  File "/Users/donvicks/Developer/projects/attendance-system/backend/venv/lib/python3.14/site-packages/starlette/_exception_handler.py", line 42, in wrapped_app
    await app(scope, receive, sender)
  File "/Users/donvicks/Developer/projects/attendance-system/backend/venv/lib/python3.14/site-packages/fastapi/middleware/asyncexitstack.py", line 18, in __call__
    await self.app(scope, receive, send)
  File "/Users/donvicks/Developer/projects/attendance-system/backend/venv/lib/python3.14/site-packages/starlette/routing.py", line 660, in __call__
    await self.middleware_stack(scope, receive, send)
  File "/Users/donvicks/Developer/projects/attendance-system/backend/venv/lib/python3.14/site-packages/fastapi/routing.py", line 2683, in app
    await route.handle(scope, receive, send)
  File "/Users/donvicks/Developer/projects/attendance-system/backend/venv/lib/python3.14/site-packages/fastapi/routing.py", line 1753, in handle
    await self.original_router.handle(scope, receive, send)
  File "/Users/donvicks/Developer/projects/attendance-system/backend/venv/lib/python3.14/site-packages/fastapi/routing.py", line 2738, in handle
    await included_router._handle_selected(scope, receive, send)
  File "/Users/donvicks/Developer/projects/attendance-system/backend/venv/lib/python3.14/site-packages/fastapi/routing.py", line 1773, in _handle_selected
    await original_route.handle(scope, receive, send)
  File "/Users/donvicks/Developer/projects/attendance-system/backend/venv/lib/python3.14/site-packages/fastapi/routing.py", line 1264, in handle
    await app(scope, receive, send)
  File "/Users/donvicks/Developer/projects/attendance-system/backend/venv/lib/python3.14/site-packages/fastapi/routing.py", line 150, in app
    await wrap_app_handling_exceptions(app, request)(scope, receive, send)
  File "/Users/donvicks/Developer/projects/attendance-system/backend/venv/lib/python3.14/site-packages/starlette/_exception_handler.py", line 53, in wrapped_app
    raise exc
  File "/Users/donvicks/Developer/projects/attendance-system/backend/venv/lib/python3.14/site-packages/starlette/_exception_handler.py", line 42, in wrapped_app
    await app(scope, receive, sender)
  File "/Users/donvicks/Developer/projects/attendance-system/backend/venv/lib/python3.14/site-packages/fastapi/routing.py", line 136, in app
    response = await f(request)
               ^^^^^^^^^^^^^^^^
  File "/Users/donvicks/Developer/projects/attendance-system/backend/venv/lib/python3.14/site-packages/fastapi/routing.py", line 690, in app
    raw_response = await run_endpoint_function(
                   ^^^^^^^^^^^^^^^^^^^^^^^^^^^^
    ...<3 lines>...
    )
    ^
  File "/Users/donvicks/Developer/projects/attendance-system/backend/venv/lib/python3.14/site-packages/fastapi/routing.py", line 344, in run_endpoint_function
    return await dependant.call(**values)
           ^^^^^^^^^^^^^^^^^^^^^^^^^^^^^^
  File "/Users/donvicks/Developer/projects/attendance-system/backend/routers/enrollment.py", line 18, in enroll_student
    existing_student = db.query(Student).filter(Student.student_id == student_id).first()
                                                ^^^^^^^^^^^^^^^^^^
AttributeError: type object 'Student' has no attribute 'student_id'
WARNING:  StatReload detected changes in 'routers/enrollment.py'. Reloading...
INFO:     Shutting down
INFO:     Waiting for application shutdown.
INFO:     Application shutdown complete.
INFO:     Finished server process [31216]
INFO:     Started server process [31583]
INFO:     Waiting for application startup.
INFO:     Application startup complete.
WARNING:  StatReload detected changes in 'routers/attendance.py'. Reloading...
INFO:     Shutting down
INFO:     Waiting for application shutdown.
INFO:     Application shutdown complete.
INFO:     Finished server process [31583]
INFO:     Started server process [31605]
INFO:     Waiting for application startup.
INFO:     Application startup complete.
WARNING:  StatReload detected changes in 'main.py'. Reloading...
INFO:     Shutting down
INFO:     Waiting for application shutdown.
INFO:     Application shutdown complete.
INFO:     Finished server process [31605]
INFO:     Started server process [31693]
INFO:     Waiting for application startup.
INFO:     Application startup complete.
INFO:     127.0.0.1:51957 - "POST /api/v1/enroll-student HTTP/1.1" 200 OK
INFO:     127.0.0.1:51965 - "POST /api/v1/process-class-photo HTTP/1.1" 500 Internal Server Error
WARNING:  StatReload detected changes in 'ml_service.py'. Reloading...
INFO:     Shutting down
INFO:     Waiting for application shutdown.
INFO:     Application shutdown complete.
INFO:     Finished server process [31693]
INFO:     Started server process [32023]
INFO:     Waiting for application startup.
INFO:     Application startup complete.
INFO:     127.0.0.1:51986 - "POST /api/v1/process-class-photo HTTP/1.1" 200 OK
INFO:     127.0.0.1:52007 - "POST /api/v1/process-class-photo HTTP/1.1" 200 OK
INFO:     127.0.0.1:52009 - "OPTIONS /api/v1/confirm-attendance HTTP/1.1" 200 OK
INFO:     127.0.0.1:52009 - "POST /api/v1/confirm-attendance HTTP/1.1" 422 Unprocessable Content
INFO:     127.0.0.1:52031 - "POST /api/v1/process-class-photo HTTP/1.1" 200 OK
INFO:     Shutting down
INFO:     Waiting for application shutdown.
INFO:     Application shutdown complete.
INFO:     Finished server process [32023]
INFO:     Stopping reloader process [31214]
